대학 코드 201개
  [1/201] 가야대학교[본교] (0002748) — 표 11개
  [2/201] 가천대학교[본교] (0000063) — 표 16개
  [3/201] 가톨릭관동대학교[본교] (0000072) — 표 20개
  [4/201] 가톨릭꽃동네대학교[본교] (0000215) — 표 14개
  [5/201] 가톨릭대학교[본교] (0000046) — 표 15개
  [6/201] 가톨릭대학교[제3캠퍼스] (0000049) — 표 5개
  [7/201] 감리교신학대학교[본교] (0000050) — 표 10개
  [8/201] 강남대학교[본교] (0000051) — 표 12개
  [9/201] 강서대학교[본교] (0000079) — 표 10개
  [10/201] 강원대학교[본교] (0000003) — 표 19개
  [11/201] 강원대학교[제2캠퍼스] (0000004) — 표 15개
  [12/201] 강원대학교[제3캠퍼스] (0003363) — 표 0개
  [13/201] 강원대학교[제4캠퍼스] (0003364) — 표 0개
  [14/201] 건국대학교[본교] (0000052) — 표 15개
  [15/201] 건국대학교(글로컬)[분교] (0000053) — 표 17개
  [16/201] 건양대학교[본교] (0000054) — 표 16개
  [17/201] 건양대학교[제2캠퍼스] (0000055) — 표 16개
  [18/201] 경기대학교[본교] (0000056) — 표 13개
  [19/201] 경기대학교[제2캠퍼스] (0000058) — 표 11개
  [20/201] 경남대학교[본교] (0000059) — 표 12개
  [21/201] 경동대학교[본교] (0000060) — 표 0개
  [22/201] 경동대학교[제3캠퍼스] (0002574) — 표 10개
  [23/201] 경동대학교[제4캠퍼스] (0002744) — 표 9개
  [24/201] 경북대학교[본교] (0000005) — 표 23개
  [25/201] 경상국립대학교[본교] (0000007) — 표 17개
  [26/201] 경성대학교[본교] (0000062) — 표 14개
  [27/201] 경운대학교[본교] (0000244) — 표 14개
  [28/201] 경인교육대학교[본교] (0000256) — 표 9개
  [29/201] 경일대학교[본교] (0000064) — 표 14개
  [30/201] 경희대학교[본교] (0000066) — 표 15개
  [31/201] 계명대학교[본교] (0000068) — 표 14개
  [32/201] 고려대학교[본교] (0000069) — 표 15개
  [33/201] 고려대학교(세종)[분교] (0000070) — 표 14개
  [34/201] 고신대학교[본교] (0000071) — 표 15개
  [35/201] 공주교육대학교[본교] (0000251) — 표 10개
  [36/201] 광운대학교[본교] (0000074) — 표 12개
  [37/201] 광주가톨릭대학교[본교] (0000075) — 표 5개
  [38/201] 광주교육대학교[본교] (0000252) — 표 15개
  [39/201] 광주대학교[본교] (0000231) — 표 5개
  [40/201] 광주여자대학교[본교] (0000076) — 표 8개
  [41/201] 국립경국대학교[본교] (0000021) — 표 15개
  [42/201] 국립공주대학교[본교] (0000008) — 표 13개
  [43/201] 국립군산대학교[본교] (0000009) — 표 10개
  [44/201] 국립금오공과대학교[본교] (0000010) — 표 10개
  [45/201] 국립목포대학교[본교] (0000011) — 표 15개
  [46/201] 국립목포해양대학교[본교] (0000012) — 표 10개
  [47/201] 국립부경대학교[본교] (0000013) — 표 23개
  [48/201] 국립순천대학교[본교] (0000020) — 표 18개
  [49/201] 국립창원대학교[본교] (0000028) — 표 17개
  [50/201] 국립한국교통대학교[본교] (0000034) — 표 13개
  [51/201] 국립한국해양대학교[본교] (0000033) — 표 13개
  [52/201] 국립한밭대학교[본교] (0000039) — 표 18개
  [53/201] 국민대학교[본교] (0000078) — 표 7개
  [54/201] 극동대학교[본교] (0000080) — 표 12개
  [55/201] 금강대학교[본교] (0000224) — 표 5개
  [56/201] 김천대학교[본교] (0000241) — 표 9개
  [57/201] 나사렛대학교[본교] (0000081) — 표 12개
  [58/201] 남부대학교[본교] (0000216) — 표 12개
  [59/201] 남서울대학교[본교] (0000245) — 표 19개
  [60/201] 단국대학교[본교] (0000082) — 표 15개
  [61/201] 단국대학교[제2캠퍼스] (0002726) — 표 13개
  [62/201] 대구가톨릭대학교[본교] (0000088) — 표 17개
  [63/201] 대구교육대학교[본교] (0000253) — 표 13개
  [64/201] 대구대학교[본교] (0000084) — 표 15개
  [65/201] 대구예술대학교[본교] (0000087) — 표 3개
  [66/201] 대구한의대학교[본교] (0000061) — 표 14개
  [67/201] 대신대학교[본교] (0000093) — 표 3개
  [68/201] 대전가톨릭대학교[본교] (0000094) — 표 5개
  [69/201] 대전대학교[본교] (0000095) — 표 16개
  [70/201] 대전신학대학교[본교] (0000238) — 표 2개
  [71/201] 대진대학교[본교] (0000097) — 표 15개
  [72/201] 덕성여자대학교[본교] (0000099) — 표 14개
  [73/201] 동국대학교[본교] (0000100) — 표 19개
  [74/201] 동국대학교(WISE)[분교] (0000101) — 표 17개
  [75/201] 동덕여자대학교[본교] (0000102) — 표 8개
  [76/201] 동명대학교[본교] (0000235) — 표 11개
  [77/201] 동서대학교[본교] (0000103) — 표 10개
  [78/201] 동신대학교[본교] (0000104) — 표 12개
  [79/201] 동아대학교[본교] (0000105) — 표 21개
  [80/201] 동양대학교[본교] (0000106) — 표 13개
  [81/201] 동의대학교[본교] (0000107) — 표 12개
  [82/201] 루터대학교[본교] (0000108) — 표 7개
  [83/201] 명지대학교[본교] (0000109) — 표 14개
  [84/201] 명지대학교[제2캠퍼스] (0000111) — 표 14개
  [85/201] 목원대학교[본교] (0000112) — 표 11개
  [86/201] 목포가톨릭대학교[본교] (0000221) — 표 9개
  [87/201] 백석대학교[본교] (0000178) — 표 18개
  [88/201] 부산가톨릭대학교[본교] (0000114) — 표 11개
  [89/201] 부산교육대학교[본교] (0000254) — 표 10개
  [90/201] 부산대학교[본교] (0000014) — 표 13개
  [91/201] 부산외국어대학교[본교] (0000115) — 표 10개
  [92/201] 부산장신대학교[본교] (0000222) — 표 4개
  [93/201] 삼육대학교[본교] (0000116) — 표 15개
  [94/201] 상명대학교[본교] (0000117) — 표 8개
  [95/201] 상명대학교[제2캠퍼스] (0002959) — 표 10개
  [96/201] 상지대학교[본교] (0000119) — 표 15개
  [97/201] 서강대학교[본교] (0000120) — 표 11개
  [98/201] 서경대학교[본교] (0000121) — 표 16개
  [99/201] 서울과학기술대학교[본교] (0000036) — 표 13개
  [100/201] 서울교육대학교[본교] (0000255) — 표 9개
  [101/201] 서울기독대학교[본교] (0000098) — 표 9개
  [102/201] 서울대학교[본교] (0000019) — 표 9개
  [103/201] 서울시립대학교[본교] (0000040) — 표 10개
  [104/201] 서울신학대학교[본교] (0000125) — 표 15개
  [105/201] 서울여자대학교[본교] (0000126) — 표 12개
  [106/201] 서울장신대학교[본교] (0000127) — 표 5개
  [107/201] 서울한영대학교[본교] (0000205) — 표 8개
  [108/201] 서원대학교[본교] (0000128) — 표 21개
  [109/201] 선문대학교[본교] (0000129) — 표 13개
  [110/201] 성결대학교[본교] (0000131) — 표 15개
  [111/201] 성공회대학교[본교] (0000132) — 표 10개
  [112/201] 성균관대학교[본교] (0000133) — 표 26개
  [113/201] 성신여자대학교[본교] (0000136) — 표 8개
  [114/201] 세명대학교[본교] (0000137) — 표 14개
  [115/201] 세종대학교[본교] (0000138) — 표 17개
  [116/201] 세한대학교[본교] (0000092) — 표 5개
  [117/201] 송원대학교[본교] (0000243) — 표 5개
  [118/201] 수원가톨릭대학교[본교] (0000139) — 표 10개
  [119/201] 수원대학교[본교] (0000140) — 표 11개
  [120/201] 숙명여자대학교[본교] (0000141) — 표 16개
  [121/201] 순천향대학교[본교] (0000142) — 표 24개
  [122/201] 숭실대학교[본교] (0000143) — 표 9개
  [123/201] 신경주대학교[본교] (0000065) — 표 7개
  [124/201] 신라대학교[본교] (0000144) — 표 14개
  [125/201] 신한대학교[본교] (0002712) — 표 9개
  [126/201] 신한대학교[제2캠퍼스] (0002800) — 표 11개
  [127/201] 아신대학교[본교] (0000145) — 표 3개
  [128/201] 아주대학교[본교] (0000146) — 표 15개
  [129/201] 안양대학교[본교] (0000147) — 표 12개
  [130/201] 안양대학교[제2캠퍼스] (0000148) — 표 3개
  [131/201] 연세대학교[본교] (0000149) — 표 13개
  [132/201] 연세대학교(미래)[분교] (0000150) — 표 13개
  [133/201] 영남대학교[본교] (0000151) — 표 18개
  [134/201] 영산선학대학교[본교] (0000155) — 표 2개
  [135/201] 예수대학교[본교] (0000228) — 표 6개
  [136/201] 용인대학교[본교] (0000156) — 표 15개
  [137/201] 우석대학교[본교] (0000157) — 표 14개
  [138/201] 우송대학교[본교] (0000240) — 표 16개
  [139/201] 울산대학교[본교] (0000158) — 표 12개
  [140/201] 원광대학교[본교] (0000159) — 표 16개
  [141/201] 위덕대학교[본교] (0000160) — 표 12개
  [142/201] 유원대학교[본교] (0000154) — 표 19개
  [143/201] 을지대학교[본교] (0000161) — 표 10개
  [144/201] 이화여자대학교[본교] (0000163) — 표 15개
  [145/201] 인제대학교[본교] (0000164) — 표 15개
  [146/201] 인천가톨릭대학교[본교] (0000168) — 표 1개
  [147/201] 인천가톨릭대학교[제2캠퍼스] (0000167) — 표 9개
  [148/201] 인천대학교[본교] (0002660) — 표 11개
  [149/201] 인하대학교[본교] (0000169) — 표 12개
  [150/201] 장로회신학대학교[본교] (0000170) — 표 11개
  [151/201] 전남대학교[본교] (0000023) — 표 18개
  [152/201] 전남대학교[제2캠퍼스] (0000024) — 표 11개
  [153/201] 전북대학교[본교] (0000025) — 표 21개
  [154/201] 전주교육대학교[본교] (0000258) — 표 11개
  [155/201] 전주대학교[본교] (0000171) — 표 13개
  [156/201] 제주국제대학교[본교] (0000248) — 표 10개
  [157/201] 제주대학교[본교] (0000027) — 표 19개
  [158/201] 조선대학교[본교] (0000172) — 표 16개
  [159/201] 중부대학교[본교] (0000173) — 표 16개
  [160/201] 중앙대학교[본교] (0000175) — 표 14개
  [161/201] 중앙대학교[제2캠퍼스] (0000174) — 표 10개
  [162/201] 중앙승가대학교[본교] (0000177) — 표 1개
  [163/201] 중원대학교[본교] (0000239) — 표 13개
  [164/201] 차의과학대학교[본교] (0000187) — 표 9개
  [165/201] 창신대학교[본교] (0000249) — 표 8개
  [166/201] 청운대학교[본교] (0000284) — 표 12개
  [167/201] 청주교육대학교[본교] (0000261) — 표 11개
  [168/201] 청주대학교[본교] (0000179) — 표 14개
  [169/201] 초당대학교[본교] (0000246) — 표 6개
  [170/201] 총신대학교[본교] (0000180) — 표 8개
  [171/201] 추계예술대학교[본교] (0000181) — 표 4개
  [172/201] 충남대학교[본교] (0000029) — 표 23개
  [173/201] 충북대학교[본교] (0000030) — 표 17개
  [174/201] 칼빈대학교[본교] (0000184) — 표 10개
  [175/201] 평택대학교[본교] (0000186) — 표 10개
  [176/201] 한경국립대학교[본교] (0000037) — 표 15개
  [177/201] 한국공학대학교[본교] (0000247) — 표 11개
  [178/201] 한국교원대학교[본교] (0000031) — 표 10개
  [179/201] 한국기술교육대학교[본교] (0000189) — 표 10개
  [180/201] 한국성서대학교[본교] (0000191) — 표 8개
  [181/201] 한국외국어대학교[본교] (0000192) — 표 8개
  [182/201] 한국체육대학교[본교] (0000032) — 표 7개
  [183/201] 한국침례신학대학교[본교] (0000182) — 표 3개
  [184/201] 한국항공대학교[본교] (0000194) — 표 7개
  [185/201] 한남대학교[본교] (0000195) — 표 17개
  [186/201] 한동대학교[본교] (0000196) — 표 17개
  [187/201] 한라대학교[본교] (0000197) — 표 11개
  [188/201] 한림대학교[본교] (0000198) — 표 15개
  [189/201] 한성대학교[본교] (0000200) — 표 9개
  [190/201] 한세대학교[본교] (0000201) — 표 10개
  [191/201] 한신대학교[본교] (0000202) — 표 14개
  [192/201] 한양대학교[본교] (0000203) — 표 16개
  [193/201] 한양대학교(ERICA)[분교] (0000204) — 표 14개
  [194/201] 협성대학교[본교] (0000207) — 표 14개
  [195/201] 호남대학교[본교] (0000208) — 표 7개
  [196/201] 호남신학대학교[본교] (0000209) — 표 3개
  [197/201] 호서대학교[본교] (0000211) — 표 16개
  [198/201] 호원대학교[본교] (0000282) — 표 14개
  [199/201] 홍익대학교[본교] (0000212) — 표 10개
  [200/201] 홍익대학교[제2캠퍼스] (0002949) — 표 10개
  [201/201] 화성의과학대학교[본교] (0000233) — 표 6개
저장 /Users/omnibook/Downloads/ipsi_dashboard/2026 vs 2027/dashboard/tools/adiga/adiga_raw.json (6395 KB)
